COMMAND: /sxs/cutlass-autopartitioner-3090/results/autopartitioner_3090_20260715_0525/bin/sm80_cutlass_official_gemm --m=4096 --n=4096 --k=4096 --warmup=10 --iterations=50 --skip-reference

SM80 CUTLASS official device::Gemm baseline
  logical_mnk = 4096x4096x4096
  padded_mnk  = 4096x4096x4096
  warmup/iters = 10/50
  input_seed   = 20260517
  layouts      = A:row_major(M,K) B:row_major(K,N) C:row_major(M,N)
  threadblock = 64x64x64
  warp        = 32x32x64
  instruction = 16x8x16
  stages      = 1
  alignments  = A8 / B8
  input_a_hash = 4385683333153854596
  input_b_hash = 3928385288868267123
  output_sum   = -6861.22
  output_abs_sum = 1.78459e+07
  output_sq_sum = 2.98176e+07
  output_hash  = 7911276346515648474
  max_abs_diff = 0
  runtime_ms   = 2.53465
  tflops       = 54.2241
